Server running on port 5000
Connected to the database Successfully.
[0mGET /api/v1/health [32m200[0m 6.134 ms - 124[0m
[0mGET /api/v1/health [32m200[0m 1.936 ms - 124[0m
[0mGET /api/v1/health [32m200[0m 1.300 ms - 124[0m
[0mGET /api/v1/health [32m200[0m 1.325 ms - 124[0m
[0mGET /api/v1/health [32m200[0m 1.169 ms - 124[0m
[0mGET /api/v1/health [32m200[0m 0.776 ms - 124[0m
[0mGET /api/v1/health [32m200[0m 0.881 ms - 124[0m
[0mGET /api/v1/health [32m200[0m 0.969 ms - 124[0m
[0mGET /api/v1/health [32m200[0m 1.379 ms - 124[0m
[0mGET /api/v1/health [32m200[0m 0.833 ms - 124[0m
[0mGET /api/v1/health [32m200[0m 0.797 ms - 124[0m
[0mGET /api/v1/health [32m200[0m 0.723 ms - 124[0m
[0mGET /api/v1/health [32m200[0m 1.079 ms - 124[0m
[0mGET /api/v1/health [32m200[0m 0.659 ms - 124[0m
[0mGET /api/v1/health [32m200[0m 0.999 ms - 124[0m
[0mGET /api/v1/health [32m200[0m 1.298 ms - 124[0m
[0mGET /api/v1/health [32m200[0m 0.859 ms - 124[0m
[0mGET /api/v1/health [32m200[0m 0.946 ms - 124[0m
[0mGET /api/v1/health [32m200[0m 0.925 ms - 124[0m
[0mGET /api/v1/health [32m200[0m 0.891 ms - 124[0m
[0mGET /api/v1/health [32m200[0m 1.406 ms - 124[0m
[0mGET /api/v1/health [32m200[0m 0.838 ms - 124[0m
[0mGET /api/v1/health [32m200[0m 0.877 ms - 124[0m
[0mGET /api/v1/health [32m200[0m 1.481 ms - 124[0m
[0mGET /api/v1/health [32m200[0m 0.607 ms - 124[0m
[0mGET /api/v1/health [32m200[0m 0.997 ms - 124[0m
[0mGET /api/v1/health [32m200[0m 1.353 ms - 124[0m
[0mGET /api/v1/health [32m200[0m 1.150 ms - 124[0m
[0mGET /api/v1/health [32m200[0m 1.324 ms - 124[0m
[0mGET /api/v1/health [32m200[0m 1.430 ms - 124[0m
[0mGET /api/v1/health [32m200[0m 1.443 ms - 124[0m
[0mGET /api/v1/health [32m200[0m 0.826 ms - 124[0m
[0mGET /api/v1/health [32m200[0m 1.036 ms - 124[0m
[0mGET /api/v1/health [32m200[0m 0.890 ms - 124[0m
[0mGET /api/v1/health [32m200[0m 1.271 ms - 124[0m
[0mGET /api/v1/health [32m200[0m 0.758 ms - 124[0m
[0mGET /api/v1/health [32m200[0m 0.828 ms - 124[0m
[0mGET /api/v1/health [32m200[0m 0.882 ms - 124[0m
[0mGET /api/v1/health [32m200[0m 0.847 ms - 124[0m
[0mGET /api/v1/health [32m200[0m 1.135 ms - 124[0m
[0mGET /api/v1/health [32m200[0m 1.165 ms - 124[0m
[0mGET /api/v1/health [32m200[0m 0.664 ms - 124[0m
[0mGET /api/v1/health [32m200[0m 0.588 ms - 124[0m
[0mGET /api/v1/health [32m200[0m 1.079 ms - 124[0m
[0mGET /api/v1/health [32m200[0m 0.884 ms - 124[0m
[0mGET /api/v1/health [32m200[0m 0.849 ms - 124[0m
[0mGET /api/v1/health [32m200[0m 1.404 ms - 124[0m
[0mGET /api/v1/health [32m200[0m 0.866 ms - 124[0m
[0mGET /api/v1/health [32m200[0m 1.103 ms - 124[0m
[0mGET /api/v1/health [32m200[0m 1.277 ms - 124[0m
[0mGET /api/v1/health [32m200[0m 0.976 ms - 124[0m
[0mGET /api/v1/health [32m200[0m 1.620 ms - 124[0m
[0mGET /api/v1/health [32m200[0m 1.988 ms - 124[0m
[0mGET /api/v1/health [32m200[0m 1.551 ms - 124[0m
[0mGET /api/v1/health [32m200[0m 1.269 ms - 124[0m
[0mGET /api/v1/health [32m200[0m 1.424 ms - 124[0m
[0mGET /api/v1/health [32m200[0m 1.115 ms - 124[0m
[0mGET /api/v1/health [32m200[0m 1.145 ms - 124[0m
[0mGET /api/v1/health [32m200[0m 1.769 ms - 124[0m
[0mGET /api/v1/health [32m200[0m 1.015 ms - 124[0m
[0mGET /api/v1/health [32m200[0m 242.584 ms - 124[0m
[0mGET /api/v1/health [32m200[0m 1.141 ms - 124[0m
[0mGET /api/v1/auth/session [33m401[0m 1.172 ms - 79[0m
[0mPOST /api/v1/auth/login [32m200[0m 640.072 ms - 512[0m
[0mGET /api/v1/health [32m200[0m 2.206 ms - 124[0m
[0mGET /api/v1/reports/sales-trend?days=7 [32m200[0m 119.186 ms - 575[0m
[0mGET /api/v1/reports/payment-mix?days=7 [32m200[0m 212.657 ms - 321[0m
[0mGET /api/v1/inventory/expiry-alerts?limit=6 [32m200[0m 310.776 ms - 1727[0m
[0mGET /api/v1/inventory/low-stock?limit=6 [32m200[0m 521.545 ms - 1502[0m
[0mGET /api/v1/sales/recent?limit=6 [32m200[0m 519.319 ms - 1381[0m
[0mGET /api/v1/stock-movements/recent?limit=6 [32m200[0m 525.817 ms - 1310[0m
[0mGET /api/v1/reports/dashboard [32m200[0m 434.848 ms - 367[0m
